Job: nmiai-package (2150)
Node: ds01
Packaging submission: run_dir=runs/yolov8l_detect8, dino_model=vit_base_patch14_dinov2, dino_weights=model/vit_base_patch14_dinov2_finetune_best.pth
=== NorgesGruppen Submission Packager ===

YOLOv8 weights : /home/joelb/nmiai-ng/runs/yolov8l_detect8/weights/best.pt
DINOv2 weights : /home/joelb/nmiai-ng/model/vit_base_patch14_dinov2_finetune_best.pth
Embeddings     : /home/joelb/nmiai-ng/model/ref_embeddings.npy
Category IDs   : /home/joelb/nmiai-ng/model/category_ids.json

Building staging directory...

Size budget:
  best.pt                                  1 MB
  vit_base_patch14_dinov2_finetune_best.pth → dino     1 MB
  ref_embeddings.npy                       1 MB
  ─────────────────────────────────────────────
  Total (uncompressed)                     1 MB  (limit: 420 MB)

Creating /home/joelb/nmiai-ng/submission.zip ...

Done!
  submission.zip  : 267 MB (compressed)
  Uncompressed    : 1 MB / 420 MB

Upload at: https://app.ainm.no
